client/src/pages/alphabet.tsx(4,30): error TS2307: Cannot find module '@/lib/tts' or its corresponding type declarations.
client/src/pages/alphabet.tsx(113,5): error TS17004: Cannot use JSX unless the '--jsx' flag is provided.
client/src/pages/alphabet.tsx(115,7): error TS17004: Cannot use JSX unless the '--jsx' flag is provided.
client/src/pages/alphabet.tsx(119,9): error TS17004: Cannot use JSX unless the '--jsx' flag is provided.
client/src/pages/alphabet.tsx(124,7): error TS17004: Cannot use JSX unless the '--jsx' flag is provided.
client/src/pages/alphabet.tsx(125,9): error TS17004: Cannot use JSX unless the '--jsx' flag is provided.
client/src/pages/alphabet.tsx(126,11): error TS17004: Cannot use JSX unless the '--jsx' flag is provided.
client/src/pages/alphabet.tsx(127,11): error TS17004: Cannot use JSX unless the '--jsx' flag is provided.
client/src/pages/alphabet.tsx(128,13): error TS17004: Cannot use JSX unless the '--jsx' flag is provided.
client/src/pages/alphabet.tsx(129,13): error TS17004: Cannot use JSX unless the '--jsx' flag is provided.
client/src/pages/alphabet.tsx(132,9): error TS17004: Cannot use JSX unless the '--jsx' flag is provided.
client/src/pages/alphabet.tsx(133,34): error TS17004: Cannot use JSX unless the '--jsx' flag is provided.
client/src/pages/alphabet.tsx(133,73): error TS17004: Cannot use JSX unless the '--jsx' flag is provided.
client/src/pages/alphabet.tsx(133,133): error TS17004: Cannot use JSX unless the '--jsx' flag is provided.
client/src/pages/alphabet.tsx(133,161): error TS17004: Cannot use JSX unless the '--jsx' flag is provided.
client/src/pages/alphabet.tsx(133,194): error TS17004: Cannot use JSX unless the '--jsx' flag is provided.
client/src/pages/alphabet.tsx(133,218): error TS17004: Cannot use JSX unless the '--jsx' flag is provided.
client/src/pages/alphabet.tsx(133,253): error TS17004: Cannot use JSX unless the '--jsx' flag is provided.
client/src/pages/alphabet.tsx(138,7): error TS17004: Cannot use JSX unless the '--jsx' flag is provided.
client/src/pages/alphabet.tsx(140,11): error TS17004: Cannot use JSX unless the '--jsx' flag is provided.
client/src/pages/alphabet.tsx(150,13): error TS17004: Cannot use JSX unless the '--jsx' flag is provided.
client/src/pages/alphabet.tsx(157,9): error TS17004: Cannot use JSX unless the '--jsx' flag is provided.
client/src/pages/alphabet.tsx(158,11): error TS17004: Cannot use JSX unless the '--jsx' flag is provided.
client/src/pages/alphabet.tsx(159,11): error TS17004: Cannot use JSX unless the '--jsx' flag is provided.
client/src/pages/alphabet.tsx(160,13): error TS17004: Cannot use JSX unless the '--jsx' flag is provided.
client/src/pages/alphabet.tsx(162,17): error TS17004: Cannot use JSX unless the '--jsx' flag is provided.
client/src/pages/alphabet.tsx(164,15): error TS17004: Cannot use JSX unless the '--jsx' flag is provided.
client/src/pages/alphabet.tsx(166,13): error TS17004: Cannot use JSX unless the '--jsx' flag is provided.
client/src/pages/alphabet.tsx(167,13): error TS17004: Cannot use JSX unless the '--jsx' flag is provided.
client/src/pages/alphabet.tsx(171,15): error TS17004: Cannot use JSX unless the '--jsx' flag is provided.
client/src/pages/alphabet.tsx(179,7): error TS17004: Cannot use JSX unless the '--jsx' flag is provided.
client/src/pages/alphabet.tsx(181,11): error TS17004: Cannot use JSX unless the '--jsx' flag is provided.
client/src/pages/alphabet.tsx(190,13): error TS17004: Cannot use JSX unless the '--jsx' flag is provided.
client/src/pages/alphabet.tsx(192,15): error TS17004: Cannot use JSX unless the '--jsx' flag is provided.
client/src/pages/alphabet.tsx(193,17): error TS17004: Cannot use JSX unless the '--jsx' flag is provided.
client/src/pages/alphabet.tsx(194,17): error TS17004: Cannot use JSX unless the '--jsx' flag is provided.
client/src/pages/alphabet.tsx(197,15): error TS17004: Cannot use JSX unless the '--jsx' flag is provided.
client/src/pages/alphabet.tsx(204,7): error TS17004: Cannot use JSX unless the '--jsx' flag is provided.
client/src/pages/alphabet.tsx(206,11): error TS17004: Cannot use JSX unless the '--jsx' flag is provided.
client/src/pages/alphabet.tsx(206,18): error TS17004: Cannot use JSX unless the '--jsx' flag is provided.
client/src/pages/alphabet.tsx(206,81): error TS17004: Cannot use JSX unless the '--jsx' flag is provided.
client/src/pages/alphabet.tsx(206,249): error TS17004: Cannot use JSX unless the '--jsx' flag is provided.
client/src/pages/alphabet.tsx(206,286): error TS17004: Cannot use JSX unless the '--jsx' flag is provided.
client/src/pages/alphabet.tsx(209,11): error TS17004: Cannot use JSX unless the '--jsx' flag is provided.
client/src/pages/alphabet.tsx(209,18): error TS17004: Cannot use JSX unless the '--jsx' flag is provided.
client/src/pages/alphabet.tsx(212,11): error TS17004: Cannot use JSX unless the '--jsx' flag is provided.
client/src/pages/alphabet.tsx(212,14): error TS17004: Cannot use JSX unless the '--jsx' flag is provided.
client/src/pages/alphabet.tsx(215,11): error TS17004: Cannot use JSX unless the '--jsx' flag is provided.
client/src/pages/alphabet.tsx(220,7): error TS17004: Cannot use JSX unless the '--jsx' flag is provided.
client/src/pages/alphabet.tsx(221,9): error TS17004: Cannot use JSX unless the '--jsx' flag is provided.
client/src/pages/alphabet.tsx(222,11): error TS17004: Cannot use JSX unless the '--jsx' flag is provided.
client/src/pages/alphabet.tsx(223,11): error TS17004: Cannot use JSX unless the '--jsx' flag is provided.
client/src/pages/alphabet.tsx(225,9): error TS17004: Cannot use JSX unless the '--jsx' flag is provided.
